[alepay.nganluong.vn/checkout/vi/v3/card/request/417a330e7355438a9681fd4fb92bebef/mastercard.html]
[backblue.gif]
[fade.gif]
[index.html]
[alepay.nganluong.vn/checkout/images/apple-touch-icon.png]
[alepay.nganluong.vn/checkout/css/bootstrap.min.css]
[alepay.nganluong.vn/checkout/css/line-awesome.min.css]
[alepay.nganluong.vn/checkout/css/select2.min.css]
[alepay.nganluong.vn/checkout/css/checkout.mincc4e.css]
[alepay.nganluong.vn/checkout/css/responsive.mincc4e.css]
[alepay.vn/dataimage/merchant_avatar/2018/6/7/1528342754393fptshop-gia-lai.png]
[alepay.nganluong.vn/checkout/images/icon-vi.png]
[alepay.nganluong.vn/checkout/images/icon-en.png]
[alepay.nganluong.vn/checkout/images/banks/mastercard.png]
[alepay.nganluong.vn/checkout/images/lgo.png]
[alepay.nganluong.vn/checkout/images/Layer3.png]
[alepay.nganluong.vn/checkout/images/Layer2.png]
[alepay.nganluong.vn/checkout/images/icon-delete.png]
[alepay.nganluong.vn/checkout/images/noti.png]
[alepay.nganluong.vn/checkout/images/icon-otp.png]
[alepay.nganluong.vn/checkout/assets/cf826f87/jquery.min.js]
[alepay.nganluong.vn/checkout/assets/b4f8d194/yii.js]
[alepay.nganluong.vn/checkout/assets/b4f8d194/yii.validation.js]
[alepay.nganluong.vn/checkout/assets/b4f8d194/yii.activeForm.js]
[alepay.nganluong.vn/checkout/js/popper.min.js]
[alepay.nganluong.vn/checkout/js/bootstrap.min.js]
[alepay.nganluong.vn/checkout/js/cleave.min.js]
[alepay.nganluong.vn/checkout/js/jquery.countdown.min.js]
[alepay.nganluong.vn/checkout/js/select2.min.js]
[alepay.nganluong.vn/checkout/js/loadingoverlay.min.js]
[alepay.nganluong.vn/checkout/js/checkout249fc.js]
[alepay.nganluong.vn/checkout/js/songbrid.js]
[alepay.nganluong.vn/checkout/vi/v3/card/request/417a330e7355438a9681fd4fb92bebef/mastercard.html]
[alepay.nganluong.vn/checkout/css/bootstrap.min.css]
[alepay.nganluong.vn/checkout/css/line-awesome.min.css]
[alepay.nganluong.vn/checkout/css/select2.min.css]
[alepay.nganluong.vn/checkout/images/noti-gift.png]
[alepay.nganluong.vn/checkout/images/qrframe.png]
[alepay.nganluong.vn/checkout/css/checkout.mincc4e.css]
[alepay.nganluong.vn/checkout/css/responsive.mincc4e.css]
